23:27:21 **** Incremental Build of configuration Debug for project Mini_Project3 ****
make all 
Building file: ../keypad.c
Invoking: AVR Compiler
avr-gcc -Wall -g2 -gstabs -O0 -fpack-struct -fshort-enums -ffunction-sections -fdata-sections -std=gnu99 -funsigned-char -funsigned-bitfields -mmcu=atmega16 -DF_CPU=1000000UL -MMD -MP -MF"keypad.d" -MT"keypad.o" -c -o "keypad.o" "../keypad.c"
Finished building: ../keypad.c
 
Building target: Mini_Project3.elf
Invoking: AVR C Linker
avr-gcc -Wl,-Map,Mini_Project3.map -mmcu=atmega16 -o "Mini_Project3.elf"  ./Temp_Fan_Control.o ./adc.o ./gpio.o ./keypad.o ./lcd.o ./lm35_sensor.o ./motor.o ./pwm.o   
Finished building target: Mini_Project3.elf
 
Invoking: AVR Create Extended Listing
avr-objdump -h -S Mini_Project3.elf  >"Mini_Project3.lss"
Finished building: Mini_Project3.lss
 
Invoking: Print Size
avr-size --format=avr --mcu=atmega16 Mini_Project3.elf
AVR Memory Usage
----------------
Device: atmega16

Program:    9934 bytes (60.6% Full)
(.text + .data + .bootloader)

Data:        298 bytes (29.1% Full)
(.data + .bss + .noinit)


Finished building: sizedummy
 

23:27:22 Build Finished. 0 errors, 0 warnings. (took 873ms)

